client/src/hooks/use-clients.ts(4,10): error TS2724: '"@shared/schema"' has no exported member named 'insertClientSchema'. Did you mean 'insertClienteSchema'?
client/src/hooks/use-clients.ts(4,30): error TS2724: '"@shared/schema"' has no exported member named 'insertClientDocSchema'. Did you mean 'insertClienteSchema'?
client/src/hooks/use-forms.ts(4,10): error TS2305: Module '"@shared/schema"' has no exported member 'insertFormTemplateSchema'.
client/src/hooks/use-forms.ts(4,36): error TS2305: Module '"@shared/schema"' has no exported member 'insertFormFieldSchema'.
client/src/hooks/use-projects.ts(4,10): error TS2724: '"@shared/schema"' has no exported member named 'insertProjectSchema'. Did you mean 'insertProjetoSchema'?
client/src/hooks/use-projects.ts(4,31): error TS2724: '"@shared/schema"' has no exported member named 'insertCardSchema'. Did you mean 'insertCartaoSchema'?
client/src/hooks/use-projects.ts(4,49): error TS2305: Module '"@shared/schema"' has no exported member 'insertCardFormAnswerSchema'.
client/src/hooks/use-sales-funnel.ts(3,15): error TS2305: Module '"@shared/schema"' has no exported member 'salesFunnelCards'.
client/src/hooks/use-sales-funnel.ts(3,33): error TS2305: Module '"@shared/schema"' has no exported member 'salesFunnelColumns'.
client/src/pages/Clients.tsx(33,10): error TS2724: '"@shared/schema"' has no exported member named 'insertClientSchema'. Did you mean 'insertClienteSchema'?
client/src/pages/Clients.tsx(38,15): error TS2724: '"@shared/schema"' has no exported member named 'Client'. Did you mean 'Cliente'?
client/src/pages/ProjectBoard.tsx(18,10): error TS2724: '"@shared/schema"' has no exported member named 'insertCardSchema'. Did you mean 'insertCartaoSchema'?
client/src/pages/ProjectBoard.tsx(355,29): error TS7006: Parameter 'a' implicitly has an 'any' type.
client/src/pages/ProjectBoard.tsx(355,32): error TS7006: Parameter 'b' implicitly has an 'any' type.
client/src/pages/ProjectBoard.tsx(385,28): error TS7006: Parameter 'col' implicitly has an 'any' type.
client/src/pages/ProjectBoard.tsx(827,15): error TS2322: Type 'Date | null' is not assignable to type 'string | null | undefined'.
  Type 'Date' is not assignable to type 'string'.
client/src/pages/ProjectBoard.tsx(828,15): error TS2322: Type 'Date | null' is not assignable to type 'string | null | undefined'.
  Type 'Date' is not assignable to type 'string'.
client/src/pages/Projects.tsx(23,10): error TS2724: '"@shared/schema"' has no exported member named 'insertProjectSchema'. Did you mean 'insertProjetoSchema'?
server/db-storage.ts(47,45): error TS2345: Argument of type 'string | undefined' is not assignable to parameter of type 'string'.
  Type 'undefined' is not assignable to type 'string'.
server/db-storage.ts(53,24): error TS2769: No overload matches this call.
  Overload 1 of 3, '(left: MySqlColumn<{ name: "id"; tableName: "usuarios"; dataType: "string"; columnType: "MySqlVarChar"; data: string; driverParam: string | number; notNull: true; hasDefault: true; isPrimaryKey: true; isAutoincrement: false; ... 4 more ...; generated: undefined; }, {}, {}>, right: string | SQLWrapper): SQL<...>', gave the following error.
    Argument of type 'string | undefined' is not assignable to parameter of type 'string | SQLWrapper'.
      Type 'undefined' is not assignable to type 'string | SQLWrapper'.
  Overload 2 of 3, '(left: Aliased<string | undefined>, right: string | SQLWrapper | undefined): SQL<unknown>', gave the following error.
    Argument of type 'MySqlColumn<{ name: "id"; tableName: "usuarios"; dataType: "string"; columnType: "MySqlVarChar"; data: string; driverParam: string | number; notNull: true; hasDefault: true; isPrimaryKey: true; isAutoincrement: false; ... 4 more ...; generated: undefined; }, {}, {}>' is not assignable to parameter of type 'Aliased<string | undefined>'.
      Type 'MySqlColumn<{ name: "id"; tableName: "usuarios"; dataType: "string"; columnType: "MySqlVarChar"; data: string; driverParam: string | number; notNull: true; hasDefault: true; isPrimaryKey: true; isAutoincrement: false; ... 4 more ...; generated: undefined; }, {}, {}>' is missing the following properties from type 'Aliased<string | undefined>': sql, fieldAlias
  Overload 3 of 3, '(left: never, right: unknown): SQL<unknown>', gave the following error.
    Argument of type 'MySqlColumn<{ name: "id"; tableName: "usuarios"; dataType: "string"; columnType: "MySqlVarChar"; data: string; driverParam: string | number; notNull: true; hasDefault: true; isPrimaryKey: true; isAutoincrement: false; ... 4 more ...; generated: undefined; }, {}, {}>' is not assignable to parameter of type 'never'.
server/db-storage.ts(55,40): error TS2345: Argument of type 'string | undefined' is not assignable to parameter of type 'string'.
  Type 'undefined' is not assignable to type 'string'.
server/db-storage.ts(61,40): error TS2345: Argument of type 'string | undefined' is not assignable to parameter of type 'string'.
  Type 'undefined' is not assignable to type 'string'.
server/db-storage.ts(87,42): error TS2769: No overload matches this call.
  Overload 1 of 2, '(value: { nome: string | SQL<unknown> | Placeholder<string, any>; id?: number | SQL<unknown> | Placeholder<string, any> | undefined; email?: string | SQL<unknown> | Placeholder<...> | null | undefined; ... 24 more ...; decisoes_tecnicas?: string | ... 3 more ... | undefined; }): MySqlInsertBase<...>', gave the following error.
    Argument of type '{ nome: string; email?: string | null | undefined; cnpj?: string | null | undefined; contato?: string | null | undefined; telefone?: string | null | undefined; observacoes?: string | null | undefined; ... 19 more ...; decisoes_tecnicas?: string | ... 1 more ... | undefined; }' is not assignable to parameter of type '{ nome: string | SQL<unknown> | Placeholder<string, any>; id?: number | SQL<unknown> | Placeholder<string, any> | undefined; email?: string | SQL<unknown> | Placeholder<...> | null | undefined; ... 24 more ...; decisoes_tecnicas?: string | ... 3 more ... | undefined; }'.
      Types of property 'produtos_contratados' are incompatible.
        Type '{ [x: number]: string; length: number; toString: () => string; toLocaleString: { (): string; (locales: string | string[], options?: (NumberFormatOptions & DateTimeFormatOptions) | undefined): string; }; ... 37 more ...; readonly [Symbol.unscopables]: { ...; }; } | null | undefined' is not assignable to type 'string[] | SQL<unknown> | Placeholder<string, any> | null | undefined'.
          Type '{ [x: number]: string; length: number; toString: () => string; toLocaleString: { (): string; (locales: string | string[], options?: (NumberFormatOptions & DateTimeFormatOptions) | undefined): string; }; ... 37 more ...; readonly [Symbol.unscopables]: { ...; }; }' is not assignable to type 'string[] | SQL<unknown> | Placeholder<string, any> | null | undefined'.
            Type '{ [x: number]: string; length: number; toString: () => string; toLocaleString: { (): string; (locales: string | string[], options?: (NumberFormatOptions & DateTimeFormatOptions) | undefined): string; }; ... 37 more ...; readonly [Symbol.unscopables]: { ...; }; }' is not assignable to type 'string[]'.
              The types returned by 'pop()' are incompatible between these types.
                Type 'unknown' is not assignable to type 'string | undefined'.
  Overload 2 of 2, '(values: { nome: string | SQL<unknown> | Placeholder<string, any>; id?: number | SQL<unknown> | Placeholder<string, any> | undefined; email?: string | SQL<unknown> | Placeholder<...> | null | undefined; ... 24 more ...; decisoes_tecnicas?: string | ... 3 more ... | undefined; }[]): MySqlInsertBase<...>', gave the following error.
    Argument of type '{ nome: string; email?: string | null | undefined; cnpj?: string | null | undefined; contato?: string | null | undefined; telefone?: string | null | undefined; observacoes?: string | null | undefined; ... 19 more ...; decisoes_tecnicas?: string | ... 1 more ... | undefined; }' is not assignable to parameter of type '{ nome: string | SQL<unknown> | Placeholder<string, any>; id?: number | SQL<unknown> | Placeholder<string, any> | undefined; email?: string | SQL<unknown> | Placeholder<...> | null | undefined; ... 24 more ...; decisoes_tecnicas?: string | ... 3 more ... | undefined; }[]'.
      Type '{ nome: string; email?: string | null | undefined; cnpj?: string | null | undefined; contato?: string | null | undefined; telefone?: string | null | undefined; observacoes?: string | null | undefined; ... 19 more ...; decisoes_tecnicas?: string | ... 1 more ... | undefined; }' is missing the following properties from type '{ nome: string | SQL<unknown> | Placeholder<string, any>; id?: number | SQL<unknown> | Placeholder<string, any> | undefined; email?: string | SQL<unknown> | Placeholder<...> | null | undefined; ... 24 more ...; decisoes_tecnicas?: string | ... 3 more ... | undefined; }[]': length, pop, push, concat, and 35 more.
server/db-storage.ts(95,18): error TS2345: Argument of type 'Partial<{ nome: string; email?: string | null | undefined; cnpj?: string | null | undefined; contato?: string | null | undefined; telefone?: string | null | undefined; observacoes?: string | null | undefined; ... 19 more ...; decisoes_tecnicas?: string | ... 1 more ... | undefined; }>' is not assignable to parameter of type '{ nome?: string | SQL<unknown> | undefined; id?: number | SQL<unknown> | undefined; email?: string | SQL<unknown> | null | undefined; criado_em?: Date | SQL<unknown> | null | undefined; ... 23 more ...; decisoes_tecnicas?: string | ... 2 more ... | undefined; }'.
  Types of property 'produtos_contratados' are incompatible.
    Type '{ [x: number]: string; length: number; toString: () => string; toLocaleString: { (): string; (locales: string | string[], options?: (NumberFormatOptions & DateTimeFormatOptions) | undefined): string; }; ... 37 more ...; readonly [Symbol.unscopables]: { ...; }; } | null | undefined' is not assignable to type 'string[] | SQL<unknown> | null | undefined'.
      Type '{ [x: number]: string; length: number; toString: () => string; toLocaleString: { (): string; (locales: string | string[], options?: (NumberFormatOptions & DateTimeFormatOptions) | undefined): string; }; ... 37 more ...; readonly [Symbol.unscopables]: { ...; }; }' is not assignable to type 'string[] | SQL<unknown> | null | undefined'.
        Type '{ [x: number]: string; length: number; toString: () => string; toLocaleString: { (): string; (locales: string | string[], options?: (NumberFormatOptions & DateTimeFormatOptions) | undefined): string; }; ... 37 more ...; readonly [Symbol.unscopables]: { ...; }; }' is not assignable to type 'string[]'.
          The types returned by 'pop()' are incompatible between these types.
            Type 'unknown' is not assignable to type 'string | undefined'.
server/db-storage.ts(112,53): error TS2769: No overload matches this call.
  Overload 1 of 2, '(value: { id_cliente: number | SQL<unknown> | Placeholder<string, any>; tipo: string | SQL<unknown> | Placeholder<string, any>; titulo: string | SQL<unknown> | Placeholder<...>; ... 8 more ...; anexos?: string[] | ... 3 more ... | undefined; }): MySqlInsertBase<...>', gave the following error.
    Argument of type '{ id_cliente: number; tipo: string; titulo: string; senha?: string | null | undefined; observacoes?: string | null | undefined; url?: string | null | undefined; login?: string | null | undefined; visibilidade?: string | ... 1 more ... | undefined; usuarios_permitidos?: { ...; } | ... 1 more ... | undefined; anexos?:...' is not assignable to parameter of type '{ id_cliente: number | SQL<unknown> | Placeholder<string, any>; tipo: string | SQL<unknown> | Placeholder<string, any>; titulo: string | SQL<unknown> | Placeholder<...>; ... 8 more ...; anexos?: string[] | ... 3 more ... | undefined; }'.
      Types of property 'usuarios_permitidos' are incompatible.
        Type '{ [x: number]: string; length: number; toString: () => string; toLocaleString: { (): string; (locales: string | string[], options?: (NumberFormatOptions & DateTimeFormatOptions) | undefined): string; }; ... 37 more ...; readonly [Symbol.unscopables]: { ...; }; } | null | undefined' is not assignable to type 'string[] | SQL<unknown> | Placeholder<string, any> | null | undefined'.
          Type '{ [x: number]: string; length: number; toString: () => string; toLocaleString: { (): string; (locales: string | string[], options?: (NumberFormatOptions & DateTimeFormatOptions) | undefined): string; }; ... 37 more ...; readonly [Symbol.unscopables]: { ...; }; }' is not assignable to type 'string[] | SQL<unknown> | Placeholder<string, any> | null | undefined'.
            Type '{ [x: number]: string; length: number; toString: () => string; toLocaleString: { (): string; (locales: string | string[], options?: (NumberFormatOptions & DateTimeFormatOptions) | undefined): string; }; ... 37 more ...; readonly [Symbol.unscopables]: { ...; }; }' is not assignable to type 'string[]'.
              The types returned by 'pop()' are incompatible between these types.
                Type 'unknown' is not assignable to type 'string | undefined'.
  Overload 2 of 2, '(values: { id_cliente: number | SQL<unknown> | Placeholder<string, any>; tipo: string | SQL<unknown> | Placeholder<string, any>; titulo: string | SQL<unknown> | Placeholder<...>; ... 8 more ...; anexos?: string[] | ... 3 more ... | undefined; }[]): MySqlInsertBase<...>', gave the following error.
    Argument of type '{ id_cliente: number; tipo: string; titulo: string; senha?: string | null | undefined; observacoes?: string | null | undefined; url?: string | null | undefined; login?: string | null | undefined; visibilidade?: string | ... 1 more ... | undefined; usuarios_permitidos?: { ...; } | ... 1 more ... | undefined; anexos?:...' is not assignable to parameter of type '{ id_cliente: number | SQL<unknown> | Placeholder<string, any>; tipo: string | SQL<unknown> | Placeholder<string, any>; titulo: string | SQL<unknown> | Placeholder<...>; ... 8 more ...; anexos?: string[] | ... 3 more ... | undefined; }[]'.
      Type '{ id_cliente: number; tipo: string; titulo: string; senha?: string | null | undefined; observacoes?: string | null | undefined; url?: string | null | undefined; login?: string | null | undefined; visibilidade?: string | ... 1 more ... | undefined; usuarios_permitidos?: { ...; } | ... 1 more ... | undefined; anexos?:...' is missing the following properties from type '{ id_cliente: number | SQL<unknown> | Placeholder<string, any>; tipo: string | SQL<unknown> | Placeholder<string, any>; titulo: string | SQL<unknown> | Placeholder<...>; ... 8 more ...; anexos?: string[] | ... 3 more ... | undefined; }[]': length, pop, push, concat, and 35 more.
server/db-storage.ts(146,17): error TS2769: No overload matches this call.
  Overload 1 of 2, '(value: { tipo: string | SQL<unknown> | Placeholder<string, any>; id_modelo: number | SQL<unknown> | Placeholder<string, any>; ordem: number | SQL<unknown> | Placeholder<...>; ... 4 more ...; placeholder?: string | ... 3 more ... | undefined; }): MySqlInsertBase<...>', gave the following error.
    Argument of type '{ id_modelo: number; tipo: string; ordem: number; rotulo: string; obrigatorio?: boolean | undefined; opcoes?: { [x: number]: string; length: number; toString: () => string; toLocaleString: { (): string; (locales: string | string[], options?: (NumberFormatOptions & DateTimeFormatOptions) | undefined): string; }; ... ...' is not assignable to parameter of type '{ tipo: string | SQL<unknown> | Placeholder<string, any>; id_modelo: number | SQL<unknown> | Placeholder<string, any>; ordem: number | SQL<unknown> | Placeholder<...>; ... 4 more ...; placeholder?: string | ... 3 more ... | undefined; }'.
      Type '{ id_modelo: number; tipo: string; ordem: number; rotulo: string; obrigatorio?: boolean | undefined; opcoes?: { [x: number]: string; length: number; toString: () => string; toLocaleString: { (): string; (locales: string | string[], options?: (NumberFormatOptions & DateTimeFormatOptions) | undefined): string; }; ... ...' is missing the following properties from type '{ tipo: string | SQL<unknown> | Placeholder<string, any>; id_modelo: number | SQL<unknown> | Placeholder<string, any>; ordem: number | SQL<unknown> | Placeholder<...>; ... 4 more ...; placeholder?: string | ... 3 more ... | undefined; }': tipo, id_modelo, ordem, rotulo
  Overload 2 of 2, '(values: { tipo: string | SQL<unknown> | Placeholder<string, any>; id_modelo: number | SQL<unknown> | Placeholder<string, any>; ordem: number | SQL<unknown> | Placeholder<...>; ... 4 more ...; placeholder?: string | ... 3 more ... | undefined; }[]): MySqlInsertBase<...>', gave the following error.
    Argument of type '{ id_modelo: number; tipo: string; ordem: number; rotulo: string; obrigatorio?: boolean | undefined; opcoes?: { [x: number]: string; length: number; toString: () => string; toLocaleString: { (): string; (locales: string | string[], options?: (NumberFormatOptions & DateTimeFormatOptions) | undefined): string; }; ... ...' is not assignable to parameter of type '{ tipo: string | SQL<unknown> | Placeholder<string, any>; id_modelo: number | SQL<unknown> | Placeholder<string, any>; ordem: number | SQL<unknown> | Placeholder<...>; ... 4 more ...; placeholder?: string | ... 3 more ... | undefined; }[]'.
      Type '{ id_modelo: number; tipo: string; ordem: number; rotulo: string; obrigatorio?: boolean | undefined; opcoes?: { [x: number]: string; length: number; toString: () => string; toLocaleString: { (): string; (locales: string | string[], options?: Intl.NumberFormatOptions & Intl.DateTimeFormatOptions): string; }; ... 37 m...' is not assignable to type '{ tipo: string | SQL<unknown> | Placeholder<string, any>; id_modelo: number | SQL<unknown> | Placeholder<string, any>; ordem: number | SQL<unknown> | Placeholder<...>; ... 4 more ...; placeholder?: string | ... 3 more ... | undefined; }'.
        Types of property 'opcoes' are incompatible.
          Type '{ [x: number]: string; length: number; toString: () => string; toLocaleString: { (): string; (locales: string | string[], options?: (NumberFormatOptions & DateTimeFormatOptions) | undefined): string; }; ... 37 more ...; readonly [Symbol.unscopables]: { ...; }; } | null | undefined' is not assignable to type 'string[] | SQL<unknown> | Placeholder<string, any> | null | undefined'.
            Type '{ [x: number]: string; length: number; toString: () => string; toLocaleString: { (): string; (locales: string | string[], options?: (NumberFormatOptions & DateTimeFormatOptions) | undefined): string; }; ... 37 more ...; readonly [Symbol.unscopables]: { ...; }; }' is not assignable to type 'string[] | SQL<unknown> | Placeholder<string, any> | null | undefined'.
              Type '{ [x: number]: string; length: number; toString: () => string; toLocaleString: { (): string; (locales: string | string[], options?: (NumberFormatOptions & DateTimeFormatOptions) | undefined): string; }; ... 37 more ...; readonly [Symbol.unscopables]: { ...; }; }' is not assignable to type 'string[]'.
                The types returned by 'pop()' are incompatible between these types.
                  Type 'unknown' is not assignable to type 'string | undefined'.
server/db-storage.ts(169,21): error TS2769: No overload matches this call.
  Overload 1 of 2, '(value: { tipo: string | SQL<unknown> | Placeholder<string, any>; id_modelo: number | SQL<unknown> | Placeholder<string, any>; ordem: number | SQL<unknown> | Placeholder<...>; ... 4 more ...; placeholder?: string | ... 3 more ... | undefined; }): MySqlInsertBase<...>', gave the following error.
    Argument of type '{ id_modelo: number; tipo: string; ordem: number; rotulo: string; obrigatorio?: boolean | undefined; opcoes?: { [x: number]: string; length: number; toString: () => string; toLocaleString: { (): string; (locales: string | string[], options?: (NumberFormatOptions & DateTimeFormatOptions) | undefined): string; }; ... ...' is not assignable to parameter of type '{ tipo: string | SQL<unknown> | Placeholder<string, any>; id_modelo: number | SQL<unknown> | Placeholder<string, any>; ordem: number | SQL<unknown> | Placeholder<...>; ... 4 more ...; placeholder?: string | ... 3 more ... | undefined; }'.
      Type '{ id_modelo: number; tipo: string; ordem: number; rotulo: string; obrigatorio?: boolean | undefined; opcoes?: { [x: number]: string; length: number; toString: () => string; toLocaleString: { (): string; (locales: string | string[], options?: (NumberFormatOptions & DateTimeFormatOptions) | undefined): string; }; ... ...' is missing the following properties from type '{ tipo: string | SQL<unknown> | Placeholder<string, any>; id_modelo: number | SQL<unknown> | Placeholder<string, any>; ordem: number | SQL<unknown> | Placeholder<...>; ... 4 more ...; placeholder?: string | ... 3 more ... | undefined; }': tipo, id_modelo, ordem, rotulo
  Overload 2 of 2, '(values: { tipo: string | SQL<unknown> | Placeholder<string, any>; id_modelo: number | SQL<unknown> | Placeholder<string, any>; ordem: number | SQL<unknown> | Placeholder<...>; ... 4 more ...; placeholder?: string | ... 3 more ... | undefined; }[]): MySqlInsertBase<...>', gave the following error.
    Argument of type '{ id_modelo: number; tipo: string; ordem: number; rotulo: string; obrigatorio?: boolean | undefined; opcoes?: { [x: number]: string; length: number; toString: () => string; toLocaleString: { (): string; (locales: string | string[], options?: (NumberFormatOptions & DateTimeFormatOptions) | undefined): string; }; ... ...' is not assignable to parameter of type '{ tipo: string | SQL<unknown> | Placeholder<string, any>; id_modelo: number | SQL<unknown> | Placeholder<string, any>; ordem: number | SQL<unknown> | Placeholder<...>; ... 4 more ...; placeholder?: string | ... 3 more ... | undefined; }[]'.
      Type '{ id_modelo: number; tipo: string; ordem: number; rotulo: string; obrigatorio?: boolean | undefined; opcoes?: { [x: number]: string; length: number; toString: () => string; toLocaleString: { (): string; (locales: string | string[], options?: Intl.NumberFormatOptions & Intl.DateTimeFormatOptions): string; }; ... 37 m...' is not assignable to type '{ tipo: string | SQL<unknown> | Placeholder<string, any>; id_modelo: number | SQL<unknown> | Placeholder<string, any>; ordem: number | SQL<unknown> | Placeholder<...>; ... 4 more ...; placeholder?: string | ... 3 more ... | undefined; }'.
        Types of property 'opcoes' are incompatible.
          Type '{ [x: number]: string; length: number; toString: () => string; toLocaleString: { (): string; (locales: string | string[], options?: (NumberFormatOptions & DateTimeFormatOptions) | undefined): string; }; ... 37 more ...; readonly [Symbol.unscopables]: { ...; }; } | null | undefined' is not assignable to type 'string[] | SQL<unknown> | Placeholder<string, any> | null | undefined'.
            Type '{ [x: number]: string; length: number; toString: () => string; toLocaleString: { (): string; (locales: string | string[], options?: (NumberFormatOptions & DateTimeFormatOptions) | undefined): string; }; ... 37 more ...; readonly [Symbol.unscopables]: { ...; }; }' is not assignable to type 'string[] | SQL<unknown> | Placeholder<string, any> | null | undefined'.
              Type '{ [x: number]: string; length: number; toString: () => string; toLocaleString: { (): string; (locales: string | string[], options?: (NumberFormatOptions & DateTimeFormatOptions) | undefined): string; }; ... 37 more ...; readonly [Symbol.unscopables]: { ...; }; }' is not assignable to type 'string[]'.
                The types returned by 'pop()' are incompatible between these types.
                  Type 'unknown' is not assignable to type 'string | undefined'.
server/db-storage.ts(196,42): error TS2769: No overload matches this call.
  Overload 1 of 2, '(value: { nome: string | SQL<unknown> | Placeholder<string, any>; id_cliente: number | SQL<unknown> | Placeholder<string, any>; id_lider_tecnico: string | SQL<...> | Placeholder<...>; ... 10 more ...; alerta_atraso_ativo?: boolean | ... 3 more ... | undefined; }): MySqlInsertBase<...>', gave the following error.
    Argument of type '{ nome: string; id_cliente: number; id_lider_tecnico: string; id_modelo_padrao: number; descricao?: string | null | undefined; status?: string | undefined; equipe?: { [x: number]: string; ... 40 more ...; readonly [Symbol.unscopables]: { ...; }; } | null | undefined; ... 4 more ...; alerta_atraso_ativo?: boolean | ....' is not assignable to parameter of type '{ nome: string | SQL<unknown> | Placeholder<string, any>; id_cliente: number | SQL<unknown> | Placeholder<string, any>; id_lider_tecnico: string | SQL<...> | Placeholder<...>; ... 10 more ...; alerta_atraso_ativo?: boolean | ... 3 more ... | undefined; }'.
      Types of property 'equipe' are incompatible.
        Type '{ [x: number]: string; length: number; toString: () => string; toLocaleString: { (): string; (locales: string | string[], options?: (NumberFormatOptions & DateTimeFormatOptions) | undefined): string; }; ... 37 more ...; readonly [Symbol.unscopables]: { ...; }; } | null | undefined' is not assignable to type 'string[] | SQL<unknown> | Placeholder<string, any> | null | undefined'.
          Type '{ [x: number]: string; length: number; toString: () => string; toLocaleString: { (): string; (locales: string | string[], options?: (NumberFormatOptions & DateTimeFormatOptions) | undefined): string; }; ... 37 more ...; readonly [Symbol.unscopables]: { ...; }; }' is not assignable to type 'string[] | SQL<unknown> | Placeholder<string, any> | null | undefined'.
            Type '{ [x: number]: string; length: number; toString: () => string; toLocaleString: { (): string; (locales: string | string[], options?: (NumberFormatOptions & DateTimeFormatOptions) | undefined): string; }; ... 37 more ...; readonly [Symbol.unscopables]: { ...; }; }' is not assignable to type 'string[]'.
              The types returned by 'pop()' are incompatible between these types.
                Type 'unknown' is not assignable to type 'string | undefined'.
  Overload 2 of 2, '(values: { nome: string | SQL<unknown> | Placeholder<string, any>; id_cliente: number | SQL<unknown> | Placeholder<string, any>; id_lider_tecnico: string | SQL<...> | Placeholder<...>; ... 10 more ...; alerta_atraso_ativo?: boolean | ... 3 more ... | undefined; }[]): MySqlInsertBase<...>', gave the following error.
    Argument of type '{ nome: string; id_cliente: number; id_lider_tecnico: string; id_modelo_padrao: number; descricao?: string | null | undefined; status?: string | undefined; equipe?: { [x: number]: string; ... 40 more ...; readonly [Symbol.unscopables]: { ...; }; } | null | undefined; ... 4 more ...; alerta_atraso_ativo?: boolean | ....' is not assignable to parameter of type '{ nome: string | SQL<unknown> | Placeholder<string, any>; id_cliente: number | SQL<unknown> | Placeholder<string, any>; id_lider_tecnico: string | SQL<...> | Placeholder<...>; ... 10 more ...; alerta_atraso_ativo?: boolean | ... 3 more ... | undefined; }[]'.
      Type '{ nome: string; id_cliente: number; id_lider_tecnico: string; id_modelo_padrao: number; descricao?: string | null | undefined; status?: string | undefined; equipe?: { [x: number]: string; ... 40 more ...; readonly [Symbol.unscopables]: { ...; }; } | null | undefined; ... 4 more ...; alerta_atraso_ativo?: boolean | ....' is missing the following properties from type '{ nome: string | SQL<unknown> | Placeholder<string, any>; id_cliente: number | SQL<unknown> | Placeholder<string, any>; id_lider_tecnico: string | SQL<...> | Placeholder<...>; ... 10 more ...; alerta_atraso_ativo?: boolean | ... 3 more ... | undefined; }[]': length, pop, push, concat, and 35 more.
server/db-storage.ts(223,18): error TS2345: Argument of type 'Partial<{ nome: string; id_cliente: number; id_lider_tecnico: string; id_modelo_padrao: number; descricao?: string | null | undefined; status?: string | undefined; equipe?: { [x: number]: string; ... 40 more ...; readonly [Symbol.unscopables]: { ...; }; } | null | undefined; ... 4 more ...; alerta_atraso_ativo?: boo...' is not assignable to parameter of type '{ nome?: string | SQL<unknown> | undefined; id_cliente?: number | SQL<unknown> | undefined; id_lider_tecnico?: string | SQL<unknown> | undefined; id_modelo_padrao?: number | SQL<unknown> | undefined; ... 9 more ...; alerta_atraso_ativo?: boolean | ... 2 more ... | undefined; }'.
  Types of property 'equipe' are incompatible.
    Type '{ [x: number]: string; length: number; toString: () => string; toLocaleString: { (): string; (locales: string | string[], options?: (NumberFormatOptions & DateTimeFormatOptions) | undefined): string; }; ... 37 more ...; readonly [Symbol.unscopables]: { ...; }; } | null | undefined' is not assignable to type 'string[] | SQL<unknown> | null | undefined'.
      Type '{ [x: number]: string; length: number; toString: () => string; toLocaleString: { (): string; (locales: string | string[], options?: (NumberFormatOptions & DateTimeFormatOptions) | undefined): string; }; ... 37 more ...; readonly [Symbol.unscopables]: { ...; }; }' is not assignable to type 'string[] | SQL<unknown> | null | undefined'.
        Type '{ [x: number]: string; length: number; toString: () => string; toLocaleString: { (): string; (locales: string | string[], options?: (NumberFormatOptions & DateTimeFormatOptions) | undefined): string; }; ... 37 more ...; readonly [Symbol.unscopables]: { ...; }; }' is not assignable to type 'string[]'.
          The types returned by 'pop()' are incompatible between these types.
            Type 'unknown' is not assignable to type 'string | undefined'.
server/db-storage.ts(295,41): error TS2769: No overload matches this call.
  Overload 1 of 2, '(value: { titulo: string | SQL<unknown> | Placeholder<string, any>; id_projeto: number | SQL<unknown> | Placeholder<string, any>; id_coluna: number | SQL<unknown> | Placeholder<...>; ... 9 more ...; tags?: string[] | ... 3 more ... | undefined; }): MySqlInsertBase<...>', gave the following error.
    Argument of type '{ titulo: string; id_projeto: number; id_coluna: number; descricao?: string | null | undefined; criado_por?: string | null | undefined; data_inicio?: Date | null | undefined; data_prazo?: Date | ... 1 more ... | undefined; data_conclusao?: Date | ... 1 more ... | undefined; prioridade?: string | ... 1 more ... | und...' is not assignable to parameter of type '{ titulo: string | SQL<unknown> | Placeholder<string, any>; id_projeto: number | SQL<unknown> | Placeholder<string, any>; id_coluna: number | SQL<unknown> | Placeholder<...>; ... 9 more ...; tags?: string[] | ... 3 more ... | undefined; }'.
      Types of property 'tags' are incompatible.
        Type '{ [x: number]: string; length: number; toString: () => string; toLocaleString: { (): string; (locales: string | string[], options?: (NumberFormatOptions & DateTimeFormatOptions) | undefined): string; }; ... 37 more ...; readonly [Symbol.unscopables]: { ...; }; } | null | undefined' is not assignable to type 'string[] | SQL<unknown> | Placeholder<string, any> | null | undefined'.
          Type '{ [x: number]: string; length: number; toString: () => string; toLocaleString: { (): string; (locales: string | string[], options?: (NumberFormatOptions & DateTimeFormatOptions) | undefined): string; }; ... 37 more ...; readonly [Symbol.unscopables]: { ...; }; }' is not assignable to type 'string[] | SQL<unknown> | Placeholder<string, any> | null | undefined'.
            Type '{ [x: number]: string; length: number; toString: () => string; toLocaleString: { (): string; (locales: string | string[], options?: (NumberFormatOptions & DateTimeFormatOptions) | undefined): string; }; ... 37 more ...; readonly [Symbol.unscopables]: { ...; }; }' is not assignable to type 'string[]'.
              The types returned by 'pop()' are incompatible between these types.
                Type 'unknown' is not assignable to type 'string | undefined'.
  Overload 2 of 2, '(values: { titulo: string | SQL<unknown> | Placeholder<string, any>; id_projeto: number | SQL<unknown> | Placeholder<string, any>; id_coluna: number | SQL<unknown> | Placeholder<...>; ... 9 more ...; tags?: string[] | ... 3 more ... | undefined; }[]): MySqlInsertBase<...>', gave the following error.
    Argument of type '{ titulo: string; id_projeto: number; id_coluna: number; descricao?: string | null | undefined; criado_por?: string | null | undefined; data_inicio?: Date | null | undefined; data_prazo?: Date | ... 1 more ... | undefined; data_conclusao?: Date | ... 1 more ... | undefined; prioridade?: string | ... 1 more ... | und...' is not assignable to parameter of type '{ titulo: string | SQL<unknown> | Placeholder<string, any>; id_projeto: number | SQL<unknown> | Placeholder<string, any>; id_coluna: number | SQL<unknown> | Placeholder<...>; ... 9 more ...; tags?: string[] | ... 3 more ... | undefined; }[]'.
      Type '{ titulo: string; id_projeto: number; id_coluna: number; descricao?: string | null | undefined; criado_por?: string | null | undefined; data_inicio?: Date | null | undefined; data_prazo?: Date | ... 1 more ... | undefined; data_conclusao?: Date | ... 1 more ... | undefined; prioridade?: string | ... 1 more ... | und...' is missing the following properties from type '{ titulo: string | SQL<unknown> | Placeholder<string, any>; id_projeto: number | SQL<unknown> | Placeholder<string, any>; id_coluna: number | SQL<unknown> | Placeholder<...>; ... 9 more ...; tags?: string[] | ... 3 more ... | undefined; }[]': length, pop, push, concat, and 35 more.
server/db-storage.ts(347,18): error TS2345: Argument of type 'Partial<{ titulo: string; id_projeto: number; id_coluna: number; descricao?: string | null | undefined; criado_por?: string | null | undefined; data_inicio?: Date | null | undefined; data_prazo?: Date | ... 1 more ... | undefined; data_conclusao?: Date | ... 1 more ... | undefined; prioridade?: string | ... 1 more ....' is not assignable to parameter of type '{ titulo?: string | SQL<unknown> | undefined; id_projeto?: number | SQL<unknown> | undefined; id_coluna?: number | SQL<unknown> | undefined; id?: number | SQL<unknown> | undefined; criado_em?: Date | ... 2 more ... | undefined; ... 7 more ...; tags?: string[] | ... 2 more ... | undefined; }'.
  Types of property 'tags' are incompatible.
    Type '{ [x: number]: string; length: number; toString: () => string; toLocaleString: { (): string; (locales: string | string[], options?: (NumberFormatOptions & DateTimeFormatOptions) | undefined): string; }; ... 37 more ...; readonly [Symbol.unscopables]: { ...; }; } | null | undefined' is not assignable to type 'string[] | SQL<unknown> | null | undefined'.
      Type '{ [x: number]: string; length: number; toString: () => string; toLocaleString: { (): string; (locales: string | string[], options?: (NumberFormatOptions & DateTimeFormatOptions) | undefined): string; }; ... 37 more ...; readonly [Symbol.unscopables]: { ...; }; }' is not assignable to type 'string[] | SQL<unknown> | null | undefined'.
        Type '{ [x: number]: string; length: number; toString: () => string; toLocaleString: { (): string; (locales: string | string[], options?: (NumberFormatOptions & DateTimeFormatOptions) | undefined): string; }; ... 37 more ...; readonly [Symbol.unscopables]: { ...; }; }' is not assignable to type 'string[]'.
          The types returned by 'pop()' are incompatible between these types.
            Type 'unknown' is not assignable to type 'string | undefined'.
server/db-storage.ts(440,18): error TS2769: No overload matches this call.
  Overload 1 of 2, '(value: { id_resposta: number | SQL<unknown> | Placeholder<string, any>; id_campo: number | SQL<unknown> | Placeholder<string, any>; id?: number | SQL<unknown> | Placeholder<...> | undefined; ... 5 more ...; valor_lista?: string | ... 3 more ... | undefined; }): MySqlInsertBase<...>', gave the following error.
    Argument of type '{ id_resposta: number; id_campo: number; anexos?: { [x: number]: string; length: number; toString: () => string; toLocaleString: { (): string; (locales: string | string[], options?: Intl.NumberFormatOptions & Intl.DateTimeFormatOptions): string; }; ... 37 more ...; readonly [Symbol.unscopables]: { ...; }; } | null |...' is not assignable to parameter of type '{ id_resposta: number | SQL<unknown> | Placeholder<string, any>; id_campo: number | SQL<unknown> | Placeholder<string, any>; id?: number | SQL<unknown> | Placeholder<...> | undefined; ... 5 more ...; valor_lista?: string | ... 3 more ... | undefined; }'.
      Types of property 'anexos' are incompatible.
        Type '{ [x: number]: string; length: number; toString: () => string; toLocaleString: { (): string; (locales: string | string[], options?: (NumberFormatOptions & DateTimeFormatOptions) | undefined): string; }; ... 37 more ...; readonly [Symbol.unscopables]: { ...; }; } | null | undefined' is not assignable to type 'string[] | SQL<unknown> | Placeholder<string, any> | null | undefined'.
          Type '{ [x: number]: string; length: number; toString: () => string; toLocaleString: { (): string; (locales: string | string[], options?: (NumberFormatOptions & DateTimeFormatOptions) | undefined): string; }; ... 37 more ...; readonly [Symbol.unscopables]: { ...; }; }' is not assignable to type 'string[] | SQL<unknown> | Placeholder<string, any> | null | undefined'.
            Type '{ [x: number]: string; length: number; toString: () => string; toLocaleString: { (): string; (locales: string | string[], options?: (NumberFormatOptions & DateTimeFormatOptions) | undefined): string; }; ... 37 more ...; readonly [Symbol.unscopables]: { ...; }; }' is not assignable to type 'string[]'.
              The types returned by 'pop()' are incompatible between these types.
                Type 'unknown' is not assignable to type 'string | undefined'.
  Overload 2 of 2, '(values: { id_resposta: number | SQL<unknown> | Placeholder<string, any>; id_campo: number | SQL<unknown> | Placeholder<string, any>; id?: number | SQL<unknown> | Placeholder<...> | undefined; ... 5 more ...; valor_lista?: string | ... 3 more ... | undefined; }[]): MySqlInsertBase<...>', gave the following error.
    Object literal may only specify known properties, and 'id_resposta' does not exist in type '{ id_resposta: number | SQL<unknown> | Placeholder<string, any>; id_campo: number | SQL<unknown> | Placeholder<string, any>; id?: number | SQL<unknown> | Placeholder<...> | undefined; ... 5 more ...; valor_lista?: string | ... 3 more ... | undefined; }[]'.
server/db-storage.ts(642,11): error TS2416: Property 'getPoloProjectDashboardStats' in type 'DatabaseStorage' is not assignable to the same property in base type 'IStorage'.
  Type '() => Promise<{ activeProjects: number; upcomingDeadlines: never[]; overallProgress: number; }>' is not assignable to type '() => Promise<{ activeProjects: number; upcomingDeadlines: { stageName: string; projectName: string; endDate: string; daysUntil: number; }[]; progresso_geral: number; }>'.
    Type 'Promise<{ activeProjects: number; upcomingDeadlines: never[]; overallProgress: number; }>' is not assignable to type 'Promise<{ activeProjects: number; upcomingDeadlines: { stageName: string; projectName: string; endDate: string; daysUntil: number; }[]; progresso_geral: number; }>'.
      Property 'progresso_geral' is missing in type '{ activeProjects: number; upcomingDeadlines: never[]; overallProgress: number; }' but required in type '{ activeProjects: number; upcomingDeadlines: { stageName: string; projectName: string; endDate: string; daysUntil: number; }[]; progresso_geral: number; }'.
server/db-storage.ts(712,11): error TS2416: Property 'getSalesFunnelStats' in type 'DatabaseStorage' is not assignable to the same property in base type 'IStorage'.
  Type '(startDate?: Date | undefined, endDate?: Date | undefined) => Promise<{ columnStats: { columnId: number; columnName: string; color: string; count: number; totalValue: number; }[]; totalDeals: number; totalValue: number; conversionRate: number; averageValue: number; allCards: { ...; }[]; }>' is not assignable to type '(startDate?: Date | undefined, endDate?: Date | undefined) => Promise<{ columnStats: { id_coluna: number; columnName: string; color: string; count: number; totalValue: number; }[]; ... 4 more ...; allCards: { ...; }[]; }>'.
    Type 'Promise<{ columnStats: { columnId: number; columnName: string; color: string; count: number; totalValue: number; }[]; totalDeals: number; totalValue: number; conversionRate: number; averageValue: number; allCards: { ...; }[]; }>' is not assignable to type 'Promise<{ columnStats: { id_coluna: number; columnName: string; color: string; count: number; totalValue: number; }[]; totalDeals: number; totalValue: number; conversionRate: number; averageValue: number; allCards: { ...; }[]; }>'.
      Type '{ columnStats: { columnId: number; columnName: string; color: string; count: number; totalValue: number; }[]; totalDeals: number; totalValue: number; conversionRate: number; averageValue: number; allCards: { ...; }[]; }' is not assignable to type '{ columnStats: { id_coluna: number; columnName: string; color: string; count: number; totalValue: number; }[]; totalDeals: number; totalValue: number; conversionRate: number; averageValue: number; allCards: { ...; }[]; }'.
        Types of property 'columnStats' are incompatible.
          Type '{ columnId: number; columnName: string; color: string; count: number; totalValue: number; }[]' is not assignable to type '{ id_coluna: number; columnName: string; color: string; count: number; totalValue: number; }[]'.
            Property 'id_coluna' is missing in type '{ columnId: number; columnName: string; color: string; count: number; totalValue: number; }' but required in type '{ id_coluna: number; columnName: string; color: string; count: number; totalValue: number; }'.
server/replit_integrations/auth/replitAuth.ts(8,23): error TS2307: Cannot find module 'connect-pg-simple' or its corresponding type declarations.
server/replit_integrations/auth/storage.ts(22,8): error TS2339: Property 'onConflictDoUpdate' does not exist on type 'MySqlInsertBase<MySqlTableWithColumns<{ name: "usuarios"; schema: undefined; columns: { id: MySqlColumn<{ name: "id"; tableName: "usuarios"; dataType: "string"; columnType: "MySqlVarChar"; data: string; driverParam: string | number; notNull: true; ... 7 more ...; generated: undefined; }, {}, {}>; ... 8 more ...; upd...'.
server/storage.ts(63,85): error TS2552: Cannot find name 'polo_projetostages'. Did you mean 'polo_projetos'?
server/storage.ts(64,92): error TS2552: Cannot find name 'polo_projetostages'. Did you mean 'polo_projetos'?
server/storage.ts(67,73): error TS2552: Cannot find name 'polo_projetostages'. Did you mean 'polo_projetos'?
server/storage.ts(68,96): error TS2304: Cannot find name 'polo_projetostages'.
server/storage.ts(77,20): error TS2304: Cannot find name 'polo_projetostages'.
server/storage.ts(115,49): error TS2552: Cannot find name 'polo_projetostages'. Did you mean 'polo_projetos'?
server/storage.ts(167,9): error TS2353: Object literal may only specify known properties, and 'name' does not exist in type '{ id: number; nome: string; ordem: number; cor: string | null; }'.
server/storage.ts(167,19): error TS2339: Property 'nome' does not exist on type '{ name: string; order: number; color: string; }'.
server/storage.ts(168,20): error TS2551: Property 'ordem' does not exist on type '{ name: string; order: number; color: string; }'. Did you mean 'order'?
server/storage.ts(182,41): error TS2345: Argument of type 'string | undefined' is not assignable to parameter of type 'string'.
  Type 'undefined' is not assignable to type 'string'.
server/storage.ts(186,32): error TS2339: Property 'criado_em' does not exist on type '{ id: string; email: string | null; firstName: string | null; lastName: string | null; password: string | null; profileImageUrl: string | null; role: string; isActive: boolean; createdAt: Date | null; updatedAt: Date | null; }'.
server/storage.ts(188,20): error TS2345: Argument of type 'string | undefined' is not assignable to parameter of type 'string'.
  Type 'undefined' is not assignable to type 'string'.
server/storage.ts(216,9): error TS2416: Property 'updateClient' in type 'MemStorage' is not assignable to the same property in base type 'IStorage'.
  Type '(id: number, updates: Partial<{ nome: string; email?: string | null | undefined; cnpj?: string | null | undefined; contato?: string | null | undefined; telefone?: string | null | undefined; observacoes?: string | ... 1 more ... | undefined; ... 19 more ...; decisoes_tecnicas?: string | ... 1 more ... | undefined; }>...' is not assignable to type '(id: number, updates: Partial<{ nome: string; email?: string | null | undefined; cnpj?: string | null | undefined; contato?: string | null | undefined; telefone?: string | null | undefined; observacoes?: string | ... 1 more ... | undefined; ... 19 more ...; decisoes_tecnicas?: string | ... 1 more ... | undefined; }>...'. Two different types with this name exist, but they are unrelated.
    Type 'Promise<{ nome: string; email: string | null; cnpj: string | null; contato: string | null; telefone: string | null; observacoes: string | null; notas_milvus: string | null; descricao: string | null; ... 19 more ...; criado_em: Date | null; }>' is not assignable to type 'Promise<{ id: number; email: string | null; criado_em: Date | null; nome: string; cnpj: string | null; contato: string | null; telefone: string | null; observacoes: string | null; notas_milvus: string | null; ... 18 more ...; decisoes_tecnicas: string | null; }>'.
      Type '{ nome: string; email: string | null; cnpj: string | null; contato: string | null; telefone: string | null; observacoes: string | null; notas_milvus: string | null; descricao: string | null; ... 19 more ...; criado_em: Date | null; }' is not assignable to type '{ id: number; email: string | null; criado_em: Date | null; nome: string; cnpj: string | null; contato: string | null; telefone: string | null; observacoes: string | null; notas_milvus: string | null; ... 18 more ...; decisoes_tecnicas: string | null; }'.
        Types of property 'produtos_contratados' are incompatible.
          Type '{ [x: number]: string; length: number; toString: () => string; toLocaleString: { (): string; (locales: string | string[], options?: (NumberFormatOptions & DateTimeFormatOptions) | undefined): string; }; ... 37 more ...; readonly [Symbol.unscopables]: { ...; }; } | null' is not assignable to type 'string[] | null'.
            Type '{ [x: number]: string; length: number; toString: () => string; toLocaleString: { (): string; (locales: string | string[], options?: (NumberFormatOptions & DateTimeFormatOptions) | undefined): string; }; ... 37 more ...; readonly [Symbol.unscopables]: { ...; }; }' is not assignable to type 'string[]'.
              The types returned by 'pop()' are incompatible between these types.
                Type 'unknown' is not assignable to type 'string | undefined'.
server/storage.ts(220,26): error TS2345: Argument of type '{ nome: string; email: string | null; cnpj: string | null; contato: string | null; telefone: string | null; observacoes: string | null; notas_milvus: string | null; descricao: string | null; ... 19 more ...; criado_em: Date | null; }' is not assignable to parameter of type '{ id: number; email: string | null; criado_em: Date | null; nome: string; cnpj: string | null; contato: string | null; telefone: string | null; observacoes: string | null; notas_milvus: string | null; ... 18 more ...; decisoes_tecnicas: string | null; }'.
  Types of property 'produtos_contratados' are incompatible.
    Type '{ [x: number]: string; length: number; toString: () => string; toLocaleString: { (): string; (locales: string | string[], options?: (NumberFormatOptions & DateTimeFormatOptions) | undefined): string; }; ... 37 more ...; readonly [Symbol.unscopables]: { ...; }; } | null' is not assignable to type 'string[] | null'.
      Type '{ [x: number]: string; length: number; toString: () => string; toLocaleString: { (): string; (locales: string | string[], options?: (NumberFormatOptions & DateTimeFormatOptions) | undefined): string; }; ... 37 more ...; readonly [Symbol.unscopables]: { ...; }; }' is not assignable to type 'string[]'.
        The types returned by 'pop()' are incompatible between these types.
          Type 'unknown' is not assignable to type 'string | undefined'.
server/storage.ts(226,78): error TS2304: Cannot find name 'clientId'.
server/storage.ts(319,9): error TS2353: Object literal may only specify known properties, and 'name' does not exist in type '{ id: number; nome: string; ordem: number; status: string; id_projeto: number; cor: string | null; }'.
server/storage.ts(319,19): error TS2339: Property 'nome' does not exist on type '{ name: string; status: string; }'.
server/storage.ts(327,9): error TS2416: Property 'updateProject' in type 'MemStorage' is not assignable to the same property in base type 'IStorage'.
  Type '(id: number, updates: Partial<{ nome: string; id_cliente: number; id_lider_tecnico: string; id_modelo_padrao: number; descricao?: string | null | undefined; status?: string | undefined; equipe?: { [x: number]: string; ... 40 more ...; readonly [Symbol.unscopables]: { ...; }; } | null | undefined; ... 4 more ...; ale...' is not assignable to type '(id: number, updates: Partial<{ nome: string; id_cliente: number; id_lider_tecnico: string; id_modelo_padrao: number; descricao?: string | null | undefined; status?: string | undefined; equipe?: { [x: number]: string; ... 40 more ...; readonly [Symbol.unscopables]: { ...; }; } | null | undefined; ... 4 more ...; ale...'. Two different types with this name exist, but they are unrelated.
    Type 'Promise<{ nome: string; id_cliente: number; id_lider_tecnico: string; id_modelo_padrao: number; descricao: string | null; status: string; equipe: { [x: number]: string; length: number; toString: () => string; ... 38 more ...; readonly [Symbol.unscopables]: { ...; }; } | null; ... 6 more ...; criado_em: Date | null; }>' is not assignable to type 'Promise<{ id: number; criado_em: Date | null; nome: string; descricao: string | null; id_cliente: number; status: string; id_lider_tecnico: string; equipe: string[] | null; data_inicio: Date | null; ... 4 more ...; alerta_atraso_ativo: boolean | null; }>'.
      Type '{ nome: string; id_cliente: number; id_lider_tecnico: string; id_modelo_padrao: number; descricao: string | null; status: string; equipe: { [x: number]: string; length: number; toString: () => string; ... 38 more ...; readonly [Symbol.unscopables]: { ...; }; } | null; ... 6 more ...; criado_em: Date | null; }' is not assignable to type '{ id: number; criado_em: Date | null; nome: string; descricao: string | null; id_cliente: number; status: string; id_lider_tecnico: string; equipe: string[] | null; data_inicio: Date | null; ... 4 more ...; alerta_atraso_ativo: boolean | null; }'.
        Types of property 'equipe' are incompatible.
          Type '{ [x: number]: string; length: number; toString: () => string; toLocaleString: { (): string; (locales: string | string[], options?: (NumberFormatOptions & DateTimeFormatOptions) | undefined): string; }; ... 37 more ...; readonly [Symbol.unscopables]: { ...; }; } | null' is not assignable to type 'string[] | null'.
            Type '{ [x: number]: string; length: number; toString: () => string; toLocaleString: { (): string; (locales: string | string[], options?: (NumberFormatOptions & DateTimeFormatOptions) | undefined): string; }; ... 37 more ...; readonly [Symbol.unscopables]: { ...; }; }' is not assignable to type 'string[]'.
              The types returned by 'pop()' are incompatible between these types.
                Type 'unknown' is not assignable to type 'string | undefined'.
server/storage.ts(331,27): error TS2345: Argument of type '{ nome: string; id_cliente: number; id_lider_tecnico: string; id_modelo_padrao: number; descricao: string | null; status: string; equipe: { [x: number]: string; length: number; toString: () => string; ... 38 more ...; readonly [Symbol.unscopables]: { ...; }; } | null; ... 6 more ...; criado_em: Date | null; }' is not assignable to parameter of type '{ id: number; criado_em: Date | null; nome: string; descricao: string | null; id_cliente: number; status: string; id_lider_tecnico: string; equipe: string[] | null; data_inicio: Date | null; ... 4 more ...; alerta_atraso_ativo: boolean | null; }'.
  Types of property 'equipe' are incompatible.
    Type '{ [x: number]: string; length: number; toString: () => string; toLocaleString: { (): string; (locales: string | string[], options?: (NumberFormatOptions & DateTimeFormatOptions) | undefined): string; }; ... 37 more ...; readonly [Symbol.unscopables]: { ...; }; } | null' is not assignable to type 'string[] | null'.
      Type '{ [x: number]: string; length: number; toString: () => string; toLocaleString: { (): string; (locales: string | string[], options?: (NumberFormatOptions & DateTimeFormatOptions) | undefined): string; }; ... 37 more ...; readonly [Symbol.unscopables]: { ...; }; }' is not assignable to type 'string[]'.
        The types returned by 'pop()' are incompatible between these types.
          Type 'unknown' is not assignable to type 'string | undefined'.
server/storage.ts(365,73): error TS2304: Cannot find name 'projectId'.
server/storage.ts(385,7): error TS2353: Object literal may only specify known properties, and 'title' does not exist in type '{ id: number; criado_em: Date | null; descricao: string | null; titulo: string; criado_por: string | null; data_inicio: Date | null; data_prazo: Date | null; data_conclusao: Date | null; ... 4 more ...; tags: string[] | null; }'.
server/storage.ts(385,19): error TS2339: Property 'title' does not exist on type '{ titulo: string; id_projeto: number; id_coluna: number; descricao?: string | null | undefined; criado_por?: string | null | undefined; data_inicio?: Date | null | undefined; data_prazo?: Date | ... 1 more ... | undefined; data_conclusao?: Date | ... 1 more ... | undefined; prioridade?: string | ... 1 more ... | und...'.
server/storage.ts(386,25): error TS2339: Property 'description' does not exist on type '{ titulo: string; id_projeto: number; id_coluna: number; descricao?: string | null | undefined; criado_por?: string | null | undefined; data_inicio?: Date | null | undefined; data_prazo?: Date | ... 1 more ... | undefined; data_conclusao?: Date | ... 1 more ... | undefined; prioridade?: string | ... 1 more ... | und...'.
server/storage.ts(387,22): error TS2339: Property 'priority' does not exist on type '{ titulo: string; id_projeto: number; id_coluna: number; descricao?: string | null | undefined; criado_por?: string | null | undefined; data_inicio?: Date | null | undefined; data_prazo?: Date | ... 1 more ... | undefined; data_conclusao?: Date | ... 1 more ... | undefined; prioridade?: string | ... 1 more ... | und...'.
server/storage.ts(413,9): error TS2416: Property 'updateCard' in type 'MemStorage' is not assignable to the same property in base type 'IStorage'.
  Type '(id: number, updates: Partial<{ titulo: string; id_projeto: number; id_coluna: number; descricao?: string | null | undefined; criado_por?: string | null | undefined; data_inicio?: Date | null | undefined; ... 4 more ...; tags?: { ...; } | ... 1 more ... | undefined; }>) => Promise<...>' is not assignable to type '(id: number, updates: Partial<{ titulo: string; id_projeto: number; id_coluna: number; descricao?: string | null | undefined; criado_por?: string | null | undefined; data_inicio?: Date | null | undefined; ... 4 more ...; tags?: { ...; } | ... 1 more ... | undefined; }>) => Promise<...>'. Two different types with this name exist, but they are unrelated.
    Type 'Promise<{ titulo: string; id_projeto: number; id_coluna: number; descricao: string | null; criado_por: string | null; data_inicio: Date | null; data_prazo: Date | null; data_conclusao: Date | null; ... 4 more ...; criado_em: Date | null; }>' is not assignable to type 'Promise<{ id: number; criado_em: Date | null; descricao: string | null; titulo: string; criado_por: string | null; data_inicio: Date | null; data_prazo: Date | null; data_conclusao: Date | null; ... 4 more ...; tags: string[] | null; }>'.
      Type '{ titulo: string; id_projeto: number; id_coluna: number; descricao: string | null; criado_por: string | null; data_inicio: Date | null; data_prazo: Date | null; data_conclusao: Date | null; ... 4 more ...; criado_em: Date | null; }' is not assignable to type '{ id: number; criado_em: Date | null; descricao: string | null; titulo: string; criado_por: string | null; data_inicio: Date | null; data_prazo: Date | null; data_conclusao: Date | null; ... 4 more ...; tags: string[] | null; }'.
        Types of property 'tags' are incompatible.
          Type '{ [x: number]: string; length: number; toString: () => string; toLocaleString: { (): string; (locales: string | string[], options?: (NumberFormatOptions & DateTimeFormatOptions) | undefined): string; }; ... 37 more ...; readonly [Symbol.unscopables]: { ...; }; } | null' is not assignable to type 'string[] | null'.
            Type '{ [x: number]: string; length: number; toString: () => string; toLocaleString: { (): string; (locales: string | string[], options?: (NumberFormatOptions & DateTimeFormatOptions) | undefined): string; }; ... 37 more ...; readonly [Symbol.unscopables]: { ...; }; }' is not assignable to type 'string[]'.
              The types returned by 'pop()' are incompatible between these types.
                Type 'unknown' is not assignable to type 'string | undefined'.
server/storage.ts(422,7): error TS2353: Object literal may only specify known properties, and 'title' does not exist in type '{ id: number; criado_em: Date | null; descricao: string | null; titulo: string; criado_por: string | null; data_inicio: Date | null; data_prazo: Date | null; data_conclusao: Date | null; ... 4 more ...; tags: string[] | null; }'.
server/storage.ts(422,19): error TS2339: Property 'title' does not exist on type '{ id: number; criado_em: Date | null; descricao: string | null; titulo: string; criado_por: string | null; data_inicio: Date | null; data_prazo: Date | null; data_conclusao: Date | null; ... 4 more ...; tags: string[] | null; }'.
server/storage.ts(423,25): error TS2339: Property 'description' does not exist on type '{ id: number; criado_em: Date | null; descricao: string | null; titulo: string; criado_por: string | null; data_inicio: Date | null; data_prazo: Date | null; data_conclusao: Date | null; ... 4 more ...; tags: string[] | null; }'.
server/storage.ts(424,22): error TS2339: Property 'priority' does not exist on type '{ id: number; criado_em: Date | null; descricao: string | null; titulo: string; criado_por: string | null; data_inicio: Date | null; data_prazo: Date | null; data_conclusao: Date | null; ... 4 more ...; tags: string[] | null; }'.
server/storage.ts(451,24): error TS2345: Argument of type '{ titulo: string; id_projeto: number; id_coluna: number; descricao: string | null; criado_por: string | null; data_inicio: Date | null; data_prazo: Date | null; data_conclusao: Date | null; ... 4 more ...; criado_em: Date | null; }' is not assignable to parameter of type '{ id: number; criado_em: Date | null; descricao: string | null; titulo: string; criado_por: string | null; data_inicio: Date | null; data_prazo: Date | null; data_conclusao: Date | null; ... 4 more ...; tags: string[] | null; }'.
  Types of property 'tags' are incompatible.
    Type '{ [x: number]: string; length: number; toString: () => string; toLocaleString: { (): string; (locales: string | string[], options?: (NumberFormatOptions & DateTimeFormatOptions) | undefined): string; }; ... 37 more ...; readonly [Symbol.unscopables]: { ...; }; } | null' is not assignable to type 'string[] | null'.
      Type '{ [x: number]: string; length: number; toString: () => string; toLocaleString: { (): string; (locales: string | string[], options?: (NumberFormatOptions & DateTimeFormatOptions) | undefined): string; }; ... 37 more ...; readonly [Symbol.unscopables]: { ...; }; }' is not assignable to type 'string[]'.
        The types returned by 'pop()' are incompatible between these types.
          Type 'unknown' is not assignable to type 'string | undefined'.
server/storage.ts(490,90): error TS2304: Cannot find name 'cardId'.
server/storage.ts(492,35): error TS2304: Cannot find name 'cardId'.
server/storage.ts(500,9): error TS2353: Object literal may only specify known properties, and 'cardId' does not exist in type '{ id: number; atualizado_em: Date | null; id_modelo: number; status: string | null; id_cartao: number; }'.
server/storage.ts(500,9): error TS18004: No value exists in scope for the shorthand property 'cardId'. Either declare one or provide an initializer.
server/storage.ts(505,42): error TS2345: Argument of type '{ id: number; atualizado_em: Date | null; id_modelo: number; status: string | null; id_cartao: number; } | undefined' is not assignable to parameter of type '{ id: number; atualizado_em: Date | null; id_modelo: number; status: string | null; id_cartao: number; }'.
  Type 'undefined' is not assignable to type '{ id: number; atualizado_em: Date | null; id_modelo: number; status: string | null; id_cartao: number; }'.
server/storage.ts(509,5): error TS18048: 'response' is possibly 'undefined'.
server/storage.ts(510,5): error TS18048: 'response' is possibly 'undefined'.
server/storage.ts(511,32): error TS18048: 'response' is possibly 'undefined'.
server/storage.ts(511,45): error TS2345: Argument of type '{ id: number; atualizado_em: Date | null; id_modelo: number; status: string | null; id_cartao: number; } | undefined' is not assignable to parameter of type '{ id: number; atualizado_em: Date | null; id_modelo: number; status: string | null; id_cartao: number; }'.
  Type 'undefined' is not assignable to type '{ id: number; atualizado_em: Date | null; id_modelo: number; status: string | null; id_cartao: number; }'.
server/storage.ts(526,39): error TS2345: Argument of type '{ id: number; id_resposta: number; id_campo: number; anexos?: { [x: number]: string; length: number; toString: () => string; toLocaleString: { (): string; (locales: string | string[], options?: Intl.NumberFormatOptions & Intl.DateTimeFormatOptions): string; }; ... 37 more ...; readonly [Symbol.unscopables]: { ...; }...' is not assignable to parameter of type '{ id: number; anexos: string[] | null; id_resposta: number; id_campo: number; valor_texto: string | null; valor_numero: number | null; valor_data: Date | null; valor_booleano: boolean | null; valor_lista: string | null; }'.
  Types of property 'anexos' are incompatible.
    Type '{ [x: number]: string; length: number; toString: () => string; toLocaleString: { (): string; (locales: string | string[], options?: (NumberFormatOptions & DateTimeFormatOptions) | undefined): string; }; ... 37 more ...; readonly [Symbol.unscopables]: { ...; }; } | null | undefined' is not assignable to type 'string[] | null'.
      Type 'undefined' is not assignable to type 'string[] | null'.
server/storage.ts(526,73): error TS18048: 'response' is possibly 'undefined'.
server/storage.ts(721,21): error TS2304: Cannot find name 'polo_projetostages'.
server/storage.ts(738,15): error TS2339: Property 'level' does not exist on type '{ nome: string; ordem: number; data_inicio: Date; id_polo_projeto: number; data_fim: Date; descricao?: string | null | undefined; cor?: string | null | undefined; id_tecnico_atribuido?: string | ... 1 more ... | undefined; nivel?: number | undefined; id_etapa_pai?: number | ... 1 more ... | undefined; concluida?: bo...'.
server/storage.ts(752,22): error TS2339: Property 'level' does not exist on type '{ nome: string; ordem: number; data_inicio: Date; id_polo_projeto: number; data_fim: Date; descricao?: string | null | undefined; cor?: string | null | undefined; id_tecnico_atribuido?: string | ... 1 more ... | undefined; nivel?: number | undefined; id_etapa_pai?: number | ... 1 more ... | undefined; concluida?: bo...'.
server/storage.ts(762,72): error TS2552: Cannot find name 'polo_projetostages'. Did you mean 'polo_projetos'?
server/storage.ts(819,35): error TS2552: Cannot find name 'polo_projetostages'. Did you mean 'polo_projetos'?
server/storage.ts(825,35): error TS2552: Cannot find name 'polo_projetostages'. Did you mean 'polo_projetos'?
server/storage.ts(928,36): error TS18004: No value exists in scope for the shorthand property 'columnId'. Either declare one or provide an initializer.
server/storage.ts(960,74): error TS2339: Property 'value' does not exist on type '{ id: number; criado_em: Date | null; cnpj: string | null; telefone: string | null; observacoes: string | null; criado_por: string | null; id_coluna: number; nome_cliente: string; nome_contato: string | null; numero_proposta: string | null; data_envio: Date | null; valor: number | null; }'.
server/storage.ts(965,23): error TS2551: Property 'color' does not exist on type '{ id: number; nome: string; ordem: number; cor: string | null; }'. Did you mean 'cor'?
server/storage.ts(973,67): error TS2339: Property 'value' does not exist on type '{ id: number; criado_em: Date | null; cnpj: string | null; telefone: string | null; observacoes: string | null; criado_por: string | null; id_coluna: number; nome_cliente: string; nome_contato: string | null; numero_proposta: string | null; data_envio: Date | null; valor: number | null; }'.
shared/routes.ts(3,3): error TS2724: '"./schema"' has no exported member named 'insertClientSchema'. Did you mean 'insertClienteSchema'?
shared/routes.ts(4,3): error TS2724: '"./schema"' has no exported member named 'insertClientDocSchema'. Did you mean 'insertClienteSchema'?
shared/routes.ts(5,3): error TS2305: Module '"./schema"' has no exported member 'insertFormTemplateSchema'.
shared/routes.ts(6,3): error TS2305: Module '"./schema"' has no exported member 'insertFormFieldSchema'.
shared/routes.ts(7,3): error TS2724: '"./schema"' has no exported member named 'insertProjectSchema'. Did you mean 'insertProjetoSchema'?
shared/routes.ts(8,3): error TS2724: '"./schema"' has no exported member named 'insertProjectColumnSchema'. Did you mean 'insertProjetoSchema'?
shared/routes.ts(9,3): error TS2724: '"./schema"' has no exported member named 'insertCardSchema'. Did you mean 'insertCartaoSchema'?
shared/routes.ts(10,3): error TS2305: Module '"./schema"' has no exported member 'insertCardFormResponseSchema'.
shared/routes.ts(11,3): error TS2305: Module '"./schema"' has no exported member 'insertCardFormAnswerSchema'.
shared/routes.ts(12,3): error TS2724: '"./schema"' has no exported member named 'insertAlertSchema'. Did you mean 'insertAlertaSchema'?
shared/routes.ts(13,3): error TS2724: '"./schema"' has no exported member named 'insertPoloProjectSchema'. Did you mean 'insertPoloProjetoSchema'?
shared/routes.ts(14,3): error TS2724: '"./schema"' has no exported member named 'insertPoloProjectStageSchema'. Did you mean 'insertPoloProjetoSchema'?
shared/routes.ts(15,3): error TS2305: Module '"./schema"' has no exported member 'insertSalesFunnelColumnSchema'.
shared/routes.ts(16,3): error TS2305: Module '"./schema"' has no exported member 'insertSalesFunnelCardSchema'.
shared/routes.ts(17,3): error TS2724: '"./schema"' has no exported member named 'clients'. Did you mean 'clientes'?
shared/routes.ts(18,3): error TS2724: '"./schema"' has no exported member named 'clientDocs'. Did you mean 'clientes'?
shared/routes.ts(19,3): error TS2305: Module '"./schema"' has no exported member 'formTemplates'.
shared/routes.ts(20,3): error TS2305: Module '"./schema"' has no exported member 'formFields'.
shared/routes.ts(21,3): error TS2724: '"./schema"' has no exported member named 'projects'. Did you mean 'projetos'?
shared/routes.ts(22,3): error TS2305: Module '"./schema"' has no exported member 'projectColumns'.
shared/routes.ts(23,3): error TS2305: Module '"./schema"' has no exported member 'cards'.
shared/routes.ts(24,3): error TS2305: Module '"./schema"' has no exported member 'cardFormResponses'.
shared/routes.ts(25,3): error TS2305: Module '"./schema"' has no exported member 'cardFormAnswers'.
shared/routes.ts(26,3): error TS2724: '"./schema"' has no exported member named 'alerts'. Did you mean 'alertas'?
shared/routes.ts(27,3): error TS2724: '"./schema"' has no exported member named 'poloProjects'. Did you mean 'polo_projetos'?
shared/routes.ts(28,3): error TS2305: Module '"./schema"' has no exported member 'poloProjectStages'.
shared/routes.ts(29,3): error TS2305: Module '"./schema"' has no exported member 'salesFunnelColumns'.
shared/routes.ts(30,3): error TS2305: Module '"./schema"' has no exported member 'salesFunnelCards'.
